// Jest Snapshot v1, https://goo.gl/fbAQLP

exports[`Lens run should throw critical error when run without initialization 1`] = `"Lens has not been initialized. Please run \\"init\\" before running."`;
